i'am so nevours
